main.c:96:6:HAL_UART_RxCpltCallback	16	static
main.c:117:5:main	88	static,ignoring_inline_asm
main.c:194:6:SystemClock_Config	72	static
main.c:233:13:MX_USART1_UART_Init	8	static
main.c:266:13:MX_USART2_UART_Init	8	static
main.c:299:13:MX_GPIO_Init	16	static
main.c:309:6:parse_display_request	24	static,ignoring_inline_asm
main.c:340:6:display_uart_task_func	272	static
main.c:359:6:display_task_func	16	static
main.c:370:6:call_task_func	488	static
main.c:432:6:HAL_TIM_PeriodElapsedCallback	16	static
main.c:449:6:Error_Handler	4	static,ignoring_inline_asm
